<html>
<body>
<pre>
<h1>µVision Build Log</h1>
<h2>Tool Versions:</h2>
IDE-Version: ¶ÃVision V5.29.0.0
Copyright (C) 2019 ARM Ltd and ARM Germany GmbH. All rights reserved.
License Information: john Microsoft, Microsoft, LIC=LSNXV-P2A1S-745S0-BEHAH-XRR7R-DHXX3
 
Tool Versions:
Toolchain:       MDK-ARM Plus  Version: 5.29.0.0
Toolchain Path:  D:\keil MDK\ARM\ARMCC\Bin
C Compiler:      Armcc.exe V5.06 update 6 (build 750)
Assembler:       Armasm.exe V5.06 update 6 (build 750)
Linker/Locator:  ArmLink.exe V5.06 update 6 (build 750)
Library Manager: ArmAr.exe V5.06 update 6 (build 750)
Hex Converter:   FromElf.exe V5.06 update 6 (build 750)
CPU DLL:         SARMCM3.DLL V5.29.0.0
Dialog DLL:      DCM.DLL V1.17.3.0
Target DLL:      STLink\ST-LINKIII-KEIL_SWO.dll V3.0.7.0
Dialog DLL:      TCM.DLL V1.36.5.0
 
<h2>Project:</h2>
C:\Users\john\Desktop\±œ…Ë≥Ã–Ú\project\template.uvprojx
Project File Date:  03/22/2020

<h2>Output:</h2>
*** Using Compiler 'V5.06 update 6 (build 750)', folder: 'D:\keil MDK\ARM\ARMCC\Bin'
Build target 'template'
compiling task.c...
linking...
Program Size: Code=16596 RO-data=540 RW-data=292 ZI-data=43124  
FromELF: creating hex file...
".\Objects\template.axf" - 0 Error(s), 0 Warning(s).

<h2>Software Packages used:</h2>

Package Vendor: Keil
                http://www.keil.com/pack/Keil.STM32F4xx_DFP.2.14.0.pack
                Keil.STM32F4xx_DFP.2.14.0
                STMicroelectronics STM32F4 Series Device Support, Drivers and Examples

<h2>Collection of Component include folders:</h2>
  .\RTE\_template
  C:\Users\john\AppData\Local\Arm\Packs\Keil\STM32F4xx_DFP\2.14.0\Drivers\CMSIS\Device\ST\STM32F4xx\Include

<h2>Collection of Component Files used:</h2>
Build Time Elapsed:  00:00:05
</pre>
</body>
</html>
